  ▲ Next.js 14.2.35
  - Local:        http://localhost:3000
  - Environments: .env

 ✓ Starting...
 ✓ Ready in 1718ms
 ○ Compiling /src/middleware ...
 ✓ Compiled /src/middleware in 955ms (72 modules)
 ○ Compiling /api/auth/signin ...
 ✓ Compiled /api/auth/signin in 1411ms (139 modules)
 ⨯ PrismaClientConstructorValidationError: PrismaClient requires a driver adapter to connect to your database, but none was provided.

Pass a driver adapter to the PrismaClient constructor, for example:

  import { PrismaPg } from '@prisma/adapter-pg'
  import { PrismaClient } from './generated/prisma/client'

  const adapter = new PrismaPg({ connectionString: process.env.DATABASE_URL })
  const prisma = new PrismaClient({ adapter })

Learn more about driver adapters: https://pris.ly/d/driver-adapters

If you use Prisma Accelerate instead of connecting to your database directly, pass `accelerateUrl` to the PrismaClient constructor instead of `adapter`.
Read more at https://pris.ly/d/client-constructor
    at km (C:\Users\marcelo.gomes\v8-academia-painel\node_modules\@prisma\client\runtime\client.js:66:4137)
    at Ll (C:\Users\marcelo.gomes\v8-academia-painel\node_modules\@prisma\client\runtime\client.js:78:336)
    at new t (C:\Users\marcelo.gomes\v8-academia-painel\node_modules\@prisma\client\runtime\client.js:94:202)
    at createPrismaClient (webpack-internal:///(rsc)/./src/lib/prisma.ts:10:12)
    at eval (webpack-internal:///(rsc)/./src/lib/prisma.ts:17:42)
    at (rsc)/./src/lib/prisma.ts (C:\Users\marcelo.gomes\v8-academia-painel\.next\server\app\api\auth\signin\route.js:82:1)
    at __webpack_require__ (C:\Users\marcelo.gomes\v8-academia-painel\.next\server\webpack-runtime.js:33:42)
    at eval (webpack-internal:///(rsc)/./src/app/api/auth/signin/route.ts:6:69)
    at (rsc)/./src/app/api/auth/signin/route.ts (C:\Users\marcelo.gomes\v8-academia-painel\.next\server\app\api\auth\signin\route.js:72:1)
    at __webpack_require__ (C:\Users\marcelo.gomes\v8-academia-painel\.next\server\webpack-runtime.js:33:42)
    at eval (webpack-internal:///(rsc)/./node_modules/next/dist/build/webpack/loaders/next-app-loader.js?name=app%2Fapi%2Fauth%2Fsignin%2Froute&page=%2Fapi%2Fauth%2Fsignin%2Froute&appPaths=&pagePath=private-next-app-dir%2Fapi%2Fauth%2Fsignin%2Froute.ts&appDir=C%3A%5CUsers%5Cmarcelo.gomes%5Cv8-academia-painel%5Csrc%5Capp&pageExtensions=tsx&pageExtensions=ts&pageExtensions=jsx&pageExtensions=js&rootDir=C%3A%5CUsers%5Cmarcelo.gomes%5Cv8-academia-painel&isDev=true&tsconfigPath=tsconfig.json&basePath=&assetPrefix=&nextConfigOutput=&preferredRegion=&middlewareConfig=e30%3D!:15:131)
    at (rsc)/./node_modules/next/dist/build/webpack/loaders/next-app-loader.js?name=app%2Fapi%2Fauth%2Fsignin%2Froute&page=%2Fapi%2Fauth%2Fsignin%2Froute&appPaths=&pagePath=private-next-app-dir%2Fapi%2Fauth%2Fsignin%2Froute.ts&appDir=C%3A%5CUsers%5Cmarcelo.gomes%5Cv8-academia-painel%5Csrc%5Capp&pageExtensions=tsx&pageExtensions=ts&pageExtensions=jsx&pageExtensions=js&rootDir=C%3A%5CUsers%5Cmarcelo.gomes%5Cv8-academia-painel&isDev=true&tsconfigPath=tsconfig.json&basePath=&assetPrefix=&nextConfigOutput=&preferredRegion=&middlewareConfig=e30%3D! (C:\Users\marcelo.gomes\v8-academia-painel\.next\server\app\api\auth\signin\route.js:62:1)
    at __webpack_require__ (C:\Users\marcelo.gomes\v8-academia-painel\.next\server\webpack-runtime.js:33:42)
    at __webpack_exec__ (C:\Users\marcelo.gomes\v8-academia-painel\.next\server\app\api\auth\signin\route.js:92:39)
    at C:\Users\marcelo.gomes\v8-academia-painel\.next\server\app\api\auth\signin\route.js:93:128
    at __webpack_require__.X (C:\Users\marcelo.gomes\v8-academia-painel\.next\server\webpack-runtime.js:121:21)
    at C:\Users\marcelo.gomes\v8-academia-painel\.next\server\app\api\auth\signin\route.js:93:47
    at Object.<anonymous> (C:\Users\marcelo.gomes\v8-academia-painel\.next\server\app\api\auth\signin\route.js:96:3)
    at Module._compile (node:internal/modules/cjs/loader:1872:14)
    at Object..js (node:internal/modules/cjs/loader:2003:10)
    at Module.load (node:internal/modules/cjs/loader:1594:32)
    at Module._load (node:internal/modules/cjs/loader:1396:12)
    at wrapModuleLoad (node:internal/modules/cjs/loader:255:19)
    at Module.<anonymous> (node:internal/modules/cjs/loader:1617:12)
    at mod.require (C:\Users\marcelo.gomes\v8-academia-painel\node_modules\next\dist\server\require-hook.js:65:28)
    at require (node:internal/modules/helpers:153:16)
    at requirePage (C:\Users\marcelo.gomes\v8-academia-painel\node_modules\next\dist\server\require.js:109:84)
    at C:\Users\marcelo.gomes\v8-academia-painel\node_modules\next\dist\server\load-components.js:103:84
    at async loadComponentsImpl (C:\Users\marcelo.gomes\v8-academia-painel\node_modules\next\dist\server\load-components.js:103:26)
    at async DevServer.findPageComponentsImpl (C:\Users\marcelo.gomes\v8-academia-painel\node_modules\next\dist\server\next-server.js:714:36)
    at async DevServer.findPageComponents (C:\Users\marcelo.gomes\v8-academia-painel\node_modules\next\dist\server\dev\next-dev-server.js:577:20)
    at async DevServer.renderPageComponent (C:\Users\marcelo.gomes\v8-academia-painel\node_modules\next\dist\server\base-server.js:1910:24)
    at async DevServer.renderToResponseImpl (C:\Users\marcelo.gomes\v8-academia-painel\node_modules\next\dist\server\base-server.js:1962:32)
    at async DevServer.pipeImpl (C:\Users\marcelo.gomes\v8-academia-painel\node_modules\next\dist\server\base-server.js:922:25)
    at async NextNodeServer.handleCatchallRenderRequest (C:\Users\marcelo.gomes\v8-academia-painel\node_modules\next\dist\server\next-server.js:272:17)
    at async DevServer.handleRequestImpl (C:\Users\marcelo.gomes\v8-academia-painel\node_modules\next\dist\server\base-server.js:818:17)
    at async C:\Users\marcelo.gomes\v8-academia-painel\node_modules\next\dist\server\dev\next-dev-server.js:339:20
    at async Span.traceAsyncFn (C:\Users\marcelo.gomes\v8-academia-painel\node_modules\next\dist\trace\trace.js:154:20)
    at async DevServer.handleRequest (C:\Users\marcelo.gomes\v8-academia-painel\node_modules\next\dist\server\dev\next-dev-server.js:336:24)
    at async invokeRender (C:\Users\marcelo.gomes\v8-academia-painel\node_modules\next\dist\server\lib\router-server.js:179:21)
    at async handleRequest (C:\Users\marcelo.gomes\v8-academia-painel\node_modules\next\dist\server\lib\router-server.js:359:24)
    at async requestHandlerImpl (C:\Users\marcelo.gomes\v8-academia-painel\node_modules\next\dist\server\lib\router-server.js:383:13)
    at async Server.requestListener (C:\Users\marcelo.gomes\v8-academia-painel\node_modules\next\dist\server\lib\start-server.js:141:13) {
  page: '/api/auth/signin'
}
 ○ Compiling /_error ...
 ✓ Compiled /_error in 8.4s (570 modules)
 POST /api/auth/signin 500 in 11965ms
 ✓ Compiled in 508ms (201 modules)
 ✓ Compiled in 248ms (201 modules)
